// Jest Snapshot v1, https://goo.gl/fbAQLP

exports[`<Breadcrumb /> should render correctly 1`] = `
<div
  className="my-4"
>
  <p
    className="text-xs md:text-sm text-gray-500"
  >
    item 1 &gt; Ã¬tem 2
  </p>
</div>
`;
