// Jest Snapshot v1, https://goo.gl/fbAQLP

exports[`<Layout /> should save a snapshot of the component 1`] = `
<Fragment>
  <Header>
    <SearchBar />
  </Header>
  <div
    className="h-full min-h-83"
  />
  <Footer />
</Fragment>
`;
