// Jest Snapshot v1, https://goo.gl/fbAQLP

exports[`<Custom404 /> should save a snapshot of the component 1`] = `
<h1>
  404 - Page Not Found
</h1>
`;
