// Jest Snapshot v1, https://goo.gl/fbAQLP

exports[`<Home /> should save a snapshot of the component 1`] = `
<Layout
  meta={
    <Meta
      title="Home"
    />
  }
/>
`;
