// Jest Snapshot v1, https://goo.gl/fbAQLP

exports[`<ProductList /> should save a snapshot of the component 1`] = `
<Layout
  meta={
    <Meta
      title="Product List"
    />
  }
>
  <div>
    <p>
      Product list
    </p>
  </div>
</Layout>
`;
